---
source: rumbas_support_derive/tests/mixed_enum.rs
expression: "&example"

---
field1:
  - Unit
  - Tuple:
      - Unit
      - false
      - nonjmetext§
  - Tuple:
      - Tuple:
          - false
          - 1.2
      - false
      - nonjmetext§
  - Tuple:
      - Struct:
          field1: false
          field2: 1.2
      - false
      - nonjmetext§
  - Tuple:
      - Struct:
          field1: "template:template_key"
          field2: "template:template_key"
      - false
      - nonjmetext§
  - Tuple:
      - Struct:
          field1: ~
          field2: ~
      - false
      - nonjmetext§
  - Struct:
      a: 1.2
  - Struct:
      a: "template:template_key"
  - Struct:
      a: ~
  - TupleOne: Unit
  - TupleOne:
      Tuple:
        - false
        - 1.2
  - TupleOne:
      Struct:
        field1: false
        field2: 1.2
  - TupleOne:
      Struct:
        field1: "template:template_key"
        field2: "template:template_key"
  - TupleOne:
      Struct:
        field1: ~
        field2: ~
  - "template:template_key"
field2: 1.2

