---
source: rumbas/src/question/mod.rs
expression: "&example"
---
statement:
  content: "file:path/to/file"
  placeholders:
    placeholder1:
      content:
        en: en value of placeholder1
        nl: nl value of placeholder1
      placeholders: {}
    placeholder2:
      content:
        en: en version of placeholder2
        nl: nl version of placeholder2
      placeholders: {}
advice:
  content: "file:path/to/file"
  placeholders:
    placeholder1:
      content:
        en: en value of placeholder1
        nl: nl value of placeholder1
      placeholders: {}
    placeholder2:
      content:
        en: en version of placeholder2
        nl: nl version of placeholder2
      placeholders: {}
parts: ~
builtin_constants: "template:template_key"
custom_constants: ~
variables:
  nonjmetext§: "random(-10 .. 1#0.1)"
grouped_variables:
  nonjmetext§:
    nonjmetext§: "random(-10 .. 1#0.1)"
variables_test: "template:template_key"
functions:
  nonjmetext§:
    definition: "file:path/to/file"
    language: javascript
    output_type: range
    parameters: ~
preamble: "template:template_key"
navigation: "template:template_key"
extensions: "template:template_key"
diagnostic_topic_names: ~
resources: ~
custom_part_types: ~
rulesets:
  nonjmetext§:
    type: Simplification
    rules:
      simplify_basic: false
      cancel_unit_factors: false
      cancel_unit_powers: false
      cancel_unit_denominators: false
      cancel_zero_factors: false
      omit_zero_terms: false
      cancel_zero_powers: false
      cancel_powers_with_base_zero: false
      collect_numbers: false
      constants_first: false
      collect_sqrt_products: false
      collect_sqrt_divisions: false
      cancel_sqrt_square: false
      evaluate_powers_of_numbers: false
      rewrite_to_no_leading_minus: false
      simplify_fractions: false
      simplify_trigonometric: false
      collect_terms: false
      collect_powers_of_common_factors: false
      collect_like_fractions: false
      order_canonical: false
      expand_brackets: false

