---
source: rumbas/src/question/extension.rs
expression: "&example"

---
chemistry: false
download_text_file: false
eukleides: false
geogebra: false
graphs: false
jsx_graph: false
linear_algebra: false
linear_codes: false
optimisation: false
permutations: false
polynomials: false
quantities: false
random_person: false
stats: false
sqlite: false
written_number: false

