---
source: rumbas/src/question/mod.rs
expression: "&example"
---
statement: "template:template_key"
advice: "template:template_key"
parts: "template:template_key"
builtin_constants:
  template_key: template_key
  default_value: ~
custom_constants: "template:template_key"
variables:
  nonjmetext§: "1 .. 1#-0.1"
grouped_variables:
  nonjmetext§:
    nonjmetext§: "1 .. 1#-0.1"
variables_test:
  template_key: template_key
  default_value: ~
functions:
  nonjmetext§:
    definition: "template:template_key"
    language: jme
    output_type: integer
    parameters: "template:template_key"
preamble:
  template_key: template_key
  default_value: ~
navigation:
  template_key: template_key
  default_value: ~
extensions:
  template_key: template_key
  default_value: ~
diagnostic_topic_names: "template:template_key"
resources: "template:template_key"
custom_part_types: ~
rulesets:
  nonjmetext§:
    type: Display
    rules:
      broken_as_fractions:
        template_key: template_key
        default_value: ~
      mixed_fractions:
        template_key: template_key
        default_value: ~
      flat_fractions:
        template_key: template_key
        default_value: ~
      vector_as_row:
        template_key: template_key
        default_value: ~
      always_show_multiplication_sign:
        template_key: template_key
        default_value: ~
      use_dot_as_multiplication_sign:
        template_key: template_key
        default_value: ~
      matrices_without_parentheses:
        template_key: template_key
        default_value: ~

