---
source: rumbas/src/exam/mod.rs
expression: "&example"
---
type: normal
locales:
  template_key: template_key
  default_value: ~
name:
  template_key: template_key
  default_value: ~
navigation:
  allow_printing: false
  can_regenerate: false
  confirm_when_leaving: false
  mode: menu
  show_names_of_question_groups: false
  show_steps: false
  show_title_page: false
  start_password: ~
timing:
  duration_in_seconds:
    template_key: template_key
    default_value: ~
  allow_pause: false
  on_timeout: "template:template_key"
  timed_warning: "template:template_key"
feedback:
  percentage_needed_to_pass: 1.2
  show_name_of_student: false
  show_current_marks: false
  show_maximum_marks: false
  show_answer_state: false
  allow_reveal_answer: false
  review:
    show_score: false
    show_feedback: false
    show_expected_answer: false
    show_advice: false
  advice:
    content:
      nonjmetext§: "file:path/to/file"
    placeholders:
      placeholder1:
        content:
          en: en value of placeholder1
          nl: nl value of placeholder1
        placeholders: {}
      placeholder2:
        content:
          en: en version of placeholder2
          nl: nl version of placeholder2
        placeholders: {}
  intro:
    content:
      nonjmetext§: "file:path/to/file"
    placeholders:
      placeholder1:
        content:
          en: en value of placeholder1
          nl: nl value of placeholder1
        placeholders: {}
      placeholder2:
        content:
          en: en version of placeholder2
          nl: nl version of placeholder2
        placeholders: {}
  feedback_messages:
    - message: nonjmetext§
      threshold: nonjmetext§
    - message: "template:template_key"
      threshold: "template:template_key"
    - message:
        template_key: template_key
        default_value: ~
      threshold:
        template_key: template_key
        default_value: ~
    - message: ~
      threshold: ~
    - "template:template_key"
    - template_key: template_key
      default_value: ~
question_groups:
  template_key: template_key
  default_value: ~
numbas_settings:
  theme: "template:template_key"

