---
source: rumbas/src/exam/mod.rs
expression: "&example"

---
type: diagnostic
locales: ~
name: ~
navigation:
  allow_printing: ~
  can_regenerate: ~
  confirm_when_leaving: ~
  on_leave: "template:template_key"
  show_names_of_question_groups: ~
  show_steps: ~
  show_title_page: ~
  start_password: ~
timing:
  duration_in_seconds: none
  allow_pause: "template:template_key"
  on_timeout:
    action: warn
    message:
      content:
        nonjmetext§: "file:path/to/file"
      placeholders:
        placeholder1:
          content:
            en: en value of placeholder1
            nl: nl value of placeholder1
          placeholders: {}
        placeholder2:
          content:
            en: en version of placeholder2
            nl: nl version of placeholder2
          placeholders: {}
  timed_warning:
    action: warn
    message:
      content:
        nonjmetext§: "file:path/to/file"
      placeholders:
        placeholder1:
          content:
            en: en value of placeholder1
            nl: nl value of placeholder1
          placeholders: {}
        placeholder2:
          content:
            en: en version of placeholder2
            nl: nl version of placeholder2
          placeholders: {}
feedback:
  percentage_needed_to_pass: ~
  show_name_of_student: false
  show_current_marks: false
  show_maximum_marks: false
  show_answer_state: false
  allow_reveal_answer: false
  review: "template:template_key"
  advice: "file:path/to/file"
  intro: "file:path/to/file"
  feedback_messages:
    - message: nonjmetext§
      threshold: nonjmetext§
    - message: "template:template_key"
      threshold: "template:template_key"
    - message: ~
      threshold: ~
    - "template:template_key"
question_groups: ~
numbas_settings:
  theme: "template:template_key"
diagnostic:
  script: diagnosys
  objectives: "template:template_key"
  topics: "template:template_key"

