---
source: rumbas/src/exam/mod.rs
expression: "&example"
---
type: normal
name:
  content: "file:path/to/file"
  placeholders:
    placeholder1:
      content:
        en: en value of placeholder1
        nl: nl value of placeholder1
      placeholders: {}
    placeholder2:
      content:
        en: en version of placeholder2
        nl: nl version of placeholder2
      placeholders: {}
locales: ~
navigation:
  allow_printing: ~
  browsing_enabled: ~
  can_move_to_previous: ~
  can_regenerate: ~
  confirm_when_leaving: ~
  mode: sequential
  on_leave:
    action: warn_if_not_attempted
    message:
      content:
        nonjmetext§:
          template_key: template_key
          default_value: ~
      placeholders:
        placeholder1:
          content:
            en: en value of placeholder1
            nl: nl value of placeholder1
          placeholders: {}
        placeholder2:
          content:
            en: en version of placeholder2
            nl: nl version of placeholder2
          placeholders: {}
  show_names_of_question_groups: ~
  show_results_page:
    template_key: template_key
    default_value: ~
  show_steps: ~
  show_title_page: ~
  start_password:
    template_key: template_key
    default_value: ~
timing:
  duration_in_seconds:
    template_key: template_key
    default_value: ~
  allow_pause: ~
  on_timeout:
    action: warn
    message:
      content:
        nonjmetext§:
          template_key: template_key
          default_value: ~
      placeholders:
        placeholder1:
          content:
            en: en value of placeholder1
            nl: nl value of placeholder1
          placeholders: {}
        placeholder2:
          content:
            en: en version of placeholder2
            nl: nl version of placeholder2
          placeholders: {}
  timed_warning:
    action: warn
    message:
      content:
        nonjmetext§:
          template_key: template_key
          default_value: ~
      placeholders:
        placeholder1:
          content:
            en: en value of placeholder1
            nl: nl value of placeholder1
          placeholders: {}
        placeholder2:
          content:
            en: en version of placeholder2
            nl: nl version of placeholder2
          placeholders: {}
feedback:
  percentage_needed_to_pass:
    template_key: template_key
    default_value: ~
  show_name_of_student: ~
  show_current_marks: ~
  show_maximum_marks: ~
  show_answer_state: ~
  allow_reveal_answer: ~
  review:
    show_score: ~
    show_feedback: ~
    show_expected_answer: ~
    show_advice: ~
  advice:
    content: "file:path/to/file"
    placeholders:
      placeholder1:
        content:
          en: en value of placeholder1
          nl: nl value of placeholder1
        placeholders: {}
      placeholder2:
        content:
          en: en version of placeholder2
          nl: nl version of placeholder2
        placeholders: {}
  intro:
    content: "file:path/to/file"
    placeholders:
      placeholder1:
        content:
          en: en value of placeholder1
          nl: nl value of placeholder1
        placeholders: {}
      placeholder2:
        content:
          en: en version of placeholder2
          nl: nl version of placeholder2
        placeholders: {}
  feedback_messages: ~
question_groups: ~
numbas_settings:
  theme: ~

