---
source: rumbas/src/exam/mod.rs
expression: "&example"
---
type: diagnostic
locales: "template:template_key"
name:
  content:
    nonjmetext§: "template:template_key"
  placeholders:
    placeholder1:
      content:
        en: en value of placeholder1
        nl: nl value of placeholder1
      placeholders: {}
    placeholder2:
      content:
        en: en version of placeholder2
        nl: nl version of placeholder2
      placeholders: {}
navigation: "template:template_key"
timing:
  duration_in_seconds: ~
  allow_pause: false
  on_timeout:
    action: warn
    message:
      content: "file:path/to/file"
      placeholders:
        placeholder1:
          content:
            en: en value of placeholder1
            nl: nl value of placeholder1
          placeholders: {}
        placeholder2:
          content:
            en: en version of placeholder2
            nl: nl version of placeholder2
          placeholders: {}
  timed_warning:
    action: warn
    message:
      content: "file:path/to/file"
      placeholders:
        placeholder1:
          content:
            en: en value of placeholder1
            nl: nl value of placeholder1
          placeholders: {}
        placeholder2:
          content:
            en: en version of placeholder2
            nl: nl version of placeholder2
          placeholders: {}
feedback:
  percentage_needed_to_pass: none
  show_name_of_student: ~
  show_current_marks: ~
  show_maximum_marks: ~
  show_answer_state: ~
  allow_reveal_answer: ~
  review:
    show_score: false
    show_feedback: false
    show_expected_answer: false
    show_advice: false
  advice: ~
  intro: ~
  feedback_messages: ~
question_groups: "template:template_key"
numbas_settings: "template:template_key"
diagnostic:
  script:
    custom:
      content:
        nonjmetext§: "template:template_key"
      placeholders:
        placeholder1:
          content:
            en: en value of placeholder1
            nl: nl value of placeholder1
          placeholders: {}
        placeholder2:
          content:
            en: en version of placeholder2
            nl: nl version of placeholder2
          placeholders: {}
  objectives:
    - name:
        content:
          nonjmetext§: "file:path/to/file"
        placeholders:
          placeholder1:
            content:
              en: en value of placeholder1
              nl: nl value of placeholder1
            placeholders: {}
          placeholder2:
            content:
              en: en version of placeholder2
              nl: nl version of placeholder2
            placeholders: {}
      description:
        content:
          nonjmetext§: "file:path/to/file"
        placeholders:
          placeholder1:
            content:
              en: en value of placeholder1
              nl: nl value of placeholder1
            placeholders: {}
          placeholder2:
            content:
              en: en version of placeholder2
              nl: nl version of placeholder2
            placeholders: {}
    - name:
        content:
          nonjmetext§: "template:template_key"
        placeholders:
          placeholder1:
            content:
              en: en value of placeholder1
              nl: nl value of placeholder1
            placeholders: {}
          placeholder2:
            content:
              en: en version of placeholder2
              nl: nl version of placeholder2
            placeholders: {}
      description:
        content:
          nonjmetext§: "template:template_key"
        placeholders:
          placeholder1:
            content:
              en: en value of placeholder1
              nl: nl value of placeholder1
            placeholders: {}
          placeholder2:
            content:
              en: en version of placeholder2
              nl: nl version of placeholder2
            placeholders: {}
    - name:
        content: "file:path/to/file"
        placeholders:
          placeholder1:
            content:
              en: en value of placeholder1
              nl: nl value of placeholder1
            placeholders: {}
          placeholder2:
            content:
              en: en version of placeholder2
              nl: nl version of placeholder2
            placeholders: {}
      description:
        content: "file:path/to/file"
        placeholders:
          placeholder1:
            content:
              en: en value of placeholder1
              nl: nl value of placeholder1
            placeholders: {}
          placeholder2:
            content:
              en: en version of placeholder2
              nl: nl version of placeholder2
            placeholders: {}
    - name: "file:path/to/file"
      description: "file:path/to/file"
    - name: "template:template_key"
      description: "template:template_key"
    - name: ~
      description: ~
    - "template:template_key"
  topics:
    - name:
        content:
          nonjmetext§: "file:path/to/file"
        placeholders:
          placeholder1:
            content:
              en: en value of placeholder1
              nl: nl value of placeholder1
            placeholders: {}
          placeholder2:
            content:
              en: en version of placeholder2
              nl: nl version of placeholder2
            placeholders: {}
      description:
        content:
          nonjmetext§: "file:path/to/file"
        placeholders:
          placeholder1:
            content:
              en: en value of placeholder1
              nl: nl value of placeholder1
            placeholders: {}
          placeholder2:
            content:
              en: en version of placeholder2
              nl: nl version of placeholder2
            placeholders: {}
      objectives:
        - content:
            nonjmetext§: "file:path/to/file"
          placeholders:
            placeholder1:
              content:
                en: en value of placeholder1
                nl: nl value of placeholder1
              placeholders: {}
            placeholder2:
              content:
                en: en version of placeholder2
                nl: nl version of placeholder2
              placeholders: {}
        - content:
            nonjmetext§: "template:template_key"
          placeholders:
            placeholder1:
              content:
                en: en value of placeholder1
                nl: nl value of placeholder1
              placeholders: {}
            placeholder2:
              content:
                en: en version of placeholder2
                nl: nl version of placeholder2
              placeholders: {}
        - content: "file:path/to/file"
          placeholders:
            placeholder1:
              content:
                en: en value of placeholder1
                nl: nl value of placeholder1
              placeholders: {}
            placeholder2:
              content:
                en: en version of placeholder2
                nl: nl version of placeholder2
              placeholders: {}
        - "file:path/to/file"
        - "template:template_key"
      depends_on:
        - content:
            nonjmetext§: "file:path/to/file"
          placeholders:
            placeholder1:
              content:
                en: en value of placeholder1
                nl: nl value of placeholder1
              placeholders: {}
            placeholder2:
              content:
                en: en version of placeholder2
                nl: nl version of placeholder2
              placeholders: {}
        - content:
            nonjmetext§: "template:template_key"
          placeholders:
            placeholder1:
              content:
                en: en value of placeholder1
                nl: nl value of placeholder1
              placeholders: {}
            placeholder2:
              content:
                en: en version of placeholder2
                nl: nl version of placeholder2
              placeholders: {}
        - content: "file:path/to/file"
          placeholders:
            placeholder1:
              content:
                en: en value of placeholder1
                nl: nl value of placeholder1
              placeholders: {}
            placeholder2:
              content:
                en: en version of placeholder2
                nl: nl version of placeholder2
              placeholders: {}
        - "file:path/to/file"
        - "template:template_key"
    - name:
        content:
          nonjmetext§: "template:template_key"
        placeholders:
          placeholder1:
            content:
              en: en value of placeholder1
              nl: nl value of placeholder1
            placeholders: {}
          placeholder2:
            content:
              en: en version of placeholder2
              nl: nl version of placeholder2
            placeholders: {}
      description:
        content:
          nonjmetext§: "template:template_key"
        placeholders:
          placeholder1:
            content:
              en: en value of placeholder1
              nl: nl value of placeholder1
            placeholders: {}
          placeholder2:
            content:
              en: en version of placeholder2
              nl: nl version of placeholder2
            placeholders: {}
      objectives: "template:template_key"
      depends_on: "template:template_key"
    - name:
        content: "file:path/to/file"
        placeholders:
          placeholder1:
            content:
              en: en value of placeholder1
              nl: nl value of placeholder1
            placeholders: {}
          placeholder2:
            content:
              en: en version of placeholder2
              nl: nl version of placeholder2
            placeholders: {}
      description:
        content: "file:path/to/file"
        placeholders:
          placeholder1:
            content:
              en: en value of placeholder1
              nl: nl value of placeholder1
            placeholders: {}
          placeholder2:
            content:
              en: en version of placeholder2
              nl: nl version of placeholder2
            placeholders: {}
      objectives: ~
      depends_on: ~
    - name: "file:path/to/file"
      description: "file:path/to/file"
      objectives:
        - content:
            nonjmetext§: "file:path/to/file"
          placeholders:
            placeholder1:
              content:
                en: en value of placeholder1
                nl: nl value of placeholder1
              placeholders: {}
            placeholder2:
              content:
                en: en version of placeholder2
                nl: nl version of placeholder2
              placeholders: {}
        - content:
            nonjmetext§: "template:template_key"
          placeholders:
            placeholder1:
              content:
                en: en value of placeholder1
                nl: nl value of placeholder1
              placeholders: {}
            placeholder2:
              content:
                en: en version of placeholder2
                nl: nl version of placeholder2
              placeholders: {}
        - content: "file:path/to/file"
          placeholders:
            placeholder1:
              content:
                en: en value of placeholder1
                nl: nl value of placeholder1
              placeholders: {}
            placeholder2:
              content:
                en: en version of placeholder2
                nl: nl version of placeholder2
              placeholders: {}
        - "file:path/to/file"
        - "template:template_key"
      depends_on:
        - content:
            nonjmetext§: "file:path/to/file"
          placeholders:
            placeholder1:
              content:
                en: en value of placeholder1
                nl: nl value of placeholder1
              placeholders: {}
            placeholder2:
              content:
                en: en version of placeholder2
                nl: nl version of placeholder2
              placeholders: {}
        - content:
            nonjmetext§: "template:template_key"
          placeholders:
            placeholder1:
              content:
                en: en value of placeholder1
                nl: nl value of placeholder1
              placeholders: {}
            placeholder2:
              content:
                en: en version of placeholder2
                nl: nl version of placeholder2
              placeholders: {}
        - content: "file:path/to/file"
          placeholders:
            placeholder1:
              content:
                en: en value of placeholder1
                nl: nl value of placeholder1
              placeholders: {}
            placeholder2:
              content:
                en: en version of placeholder2
                nl: nl version of placeholder2
              placeholders: {}
        - "file:path/to/file"
        - "template:template_key"
    - name: "template:template_key"
      description: "template:template_key"
      objectives: "template:template_key"
      depends_on: "template:template_key"
    - name: ~
      description: ~
      objectives: ~
      depends_on: ~
    - "template:template_key"

