---
source: rumbas/src/exam/mod.rs
expression: "&example"
---
type: diagnostic
locales:
  - name: nonjmetext§
    numbas_locale: ar-SA
  - name: "template:template_key"
    numbas_locale: de-DE
  - name: ~
    numbas_locale: en-GB
  - name: nonjmetext§
    numbas_locale: es-ES
  - name: "template:template_key"
    numbas_locale: fr-FR
  - name: ~
    numbas_locale: he-IL
  - name: nonjmetext§
    numbas_locale: it-IT
  - name: "template:template_key"
    numbas_locale: ja-JP
  - name: ~
    numbas_locale: ko-KR
  - name: nonjmetext§
    numbas_locale: nb-NO
  - name: "template:template_key"
    numbas_locale: nl-NL
  - name: ~
    numbas_locale: pl-PL
  - name: nonjmetext§
    numbas_locale: pt-BR
  - name: "template:template_key"
    numbas_locale: sq-AL
  - name: ~
    numbas_locale: sv-SE
  - name: nonjmetext§
    numbas_locale: tr-TR
  - name: "template:template_key"
    numbas_locale: vi-VN
  - name: ~
    numbas_locale: zg-CN
  - name: nonjmetext§
    numbas_locale: "template:template_key"
  - name: "template:template_key"
    numbas_locale: ~
  - "template:template_key"
name: "file:path/to/file"
navigation:
  allow_printing: false
  can_regenerate: false
  confirm_when_leaving: false
  on_leave:
    action: warn_if_not_attempted
    message:
      content: "file:path/to/file"
      placeholders:
        placeholder1:
          content:
            en: en value of placeholder1
            nl: nl value of placeholder1
          placeholders: {}
        placeholder2:
          content:
            en: en version of placeholder2
            nl: nl version of placeholder2
          placeholders: {}
  show_names_of_question_groups: false
  show_steps: false
  show_title_page: false
  start_password: ~
timing:
  duration_in_seconds: ~
  allow_pause: false
  on_timeout:
    action: warn
    message:
      content: "file:path/to/file"
      placeholders:
        placeholder1:
          content:
            en: en value of placeholder1
            nl: nl value of placeholder1
          placeholders: {}
        placeholder2:
          content:
            en: en version of placeholder2
            nl: nl version of placeholder2
          placeholders: {}
  timed_warning:
    action: warn
    message:
      content: "file:path/to/file"
      placeholders:
        placeholder1:
          content:
            en: en value of placeholder1
            nl: nl value of placeholder1
          placeholders: {}
        placeholder2:
          content:
            en: en version of placeholder2
            nl: nl version of placeholder2
          placeholders: {}
feedback:
  percentage_needed_to_pass: ~
  show_name_of_student: false
  show_current_marks: false
  show_maximum_marks: false
  show_answer_state: false
  allow_reveal_answer: false
  review: "template:template_key"
  advice: "file:path/to/file"
  intro: "file:path/to/file"
  feedback_messages:
    - message: nonjmetext§
      threshold: nonjmetext§
    - message: "template:template_key"
      threshold: "template:template_key"
    - message: ~
      threshold: ~
    - "template:template_key"
question_groups:
  - name:
      content:
        nonjmetext§: "file:path/to/file"
      placeholders:
        placeholder1:
          content:
            en: en value of placeholder1
            nl: nl value of placeholder1
          placeholders: {}
        placeholder2:
          content:
            en: en version of placeholder2
            nl: nl version of placeholder2
          placeholders: {}
    picking_strategy: all_ordered
    questions:
      - path
      - "template:template_key"
  - name:
      content:
        nonjmetext§: "template:template_key"
      placeholders:
        placeholder1:
          content:
            en: en value of placeholder1
            nl: nl value of placeholder1
          placeholders: {}
        placeholder2:
          content:
            en: en version of placeholder2
            nl: nl version of placeholder2
          placeholders: {}
    picking_strategy: all_shuffled
    questions: "template:template_key"
  - name:
      content: "file:path/to/file"
      placeholders:
        placeholder1:
          content:
            en: en value of placeholder1
            nl: nl value of placeholder1
          placeholders: {}
        placeholder2:
          content:
            en: en version of placeholder2
            nl: nl version of placeholder2
          placeholders: {}
    pick_questions: 2
    picking_strategy: random_subset
    questions: ~
  - name: "file:path/to/file"
    pick_questions: "template:template_key"
    picking_strategy: random_subset
    questions:
      - path
      - "template:template_key"
  - name: "template:template_key"
    picking_strategy: all_ordered
    questions: "template:template_key"
  - name: ~
    picking_strategy: all_shuffled
    questions: ~
  - "template:template_key"
numbas_settings: "template:template_key"
diagnostic:
  script:
    custom:
      content:
        nonjmetext§: "template:template_key"
      placeholders:
        placeholder1:
          content:
            en: en value of placeholder1
            nl: nl value of placeholder1
          placeholders: {}
        placeholder2:
          content:
            en: en version of placeholder2
            nl: nl version of placeholder2
          placeholders: {}
  objectives:
    - name:
        content:
          nonjmetext§: "file:path/to/file"
        placeholders:
          placeholder1:
            content:
              en: en value of placeholder1
              nl: nl value of placeholder1
            placeholders: {}
          placeholder2:
            content:
              en: en version of placeholder2
              nl: nl version of placeholder2
            placeholders: {}
      description:
        content:
          nonjmetext§: "file:path/to/file"
        placeholders:
          placeholder1:
            content:
              en: en value of placeholder1
              nl: nl value of placeholder1
            placeholders: {}
          placeholder2:
            content:
              en: en version of placeholder2
              nl: nl version of placeholder2
            placeholders: {}
    - name:
        content:
          nonjmetext§: "template:template_key"
        placeholders:
          placeholder1:
            content:
              en: en value of placeholder1
              nl: nl value of placeholder1
            placeholders: {}
          placeholder2:
            content:
              en: en version of placeholder2
              nl: nl version of placeholder2
            placeholders: {}
      description:
        content:
          nonjmetext§: "template:template_key"
        placeholders:
          placeholder1:
            content:
              en: en value of placeholder1
              nl: nl value of placeholder1
            placeholders: {}
          placeholder2:
            content:
              en: en version of placeholder2
              nl: nl version of placeholder2
            placeholders: {}
    - name:
        content: "file:path/to/file"
        placeholders:
          placeholder1:
            content:
              en: en value of placeholder1
              nl: nl value of placeholder1
            placeholders: {}
          placeholder2:
            content:
              en: en version of placeholder2
              nl: nl version of placeholder2
            placeholders: {}
      description:
        content: "file:path/to/file"
        placeholders:
          placeholder1:
            content:
              en: en value of placeholder1
              nl: nl value of placeholder1
            placeholders: {}
          placeholder2:
            content:
              en: en version of placeholder2
              nl: nl version of placeholder2
            placeholders: {}
    - name: "file:path/to/file"
      description: "file:path/to/file"
    - name: "template:template_key"
      description: "template:template_key"
    - name: ~
      description: ~
    - "template:template_key"
  topics:
    - name:
        content:
          nonjmetext§: "file:path/to/file"
        placeholders:
          placeholder1:
            content:
              en: en value of placeholder1
              nl: nl value of placeholder1
            placeholders: {}
          placeholder2:
            content:
              en: en version of placeholder2
              nl: nl version of placeholder2
            placeholders: {}
      description:
        content:
          nonjmetext§: "file:path/to/file"
        placeholders:
          placeholder1:
            content:
              en: en value of placeholder1
              nl: nl value of placeholder1
            placeholders: {}
          placeholder2:
            content:
              en: en version of placeholder2
              nl: nl version of placeholder2
            placeholders: {}
      objectives:
        - content:
            nonjmetext§: "file:path/to/file"
          placeholders:
            placeholder1:
              content:
                en: en value of placeholder1
                nl: nl value of placeholder1
              placeholders: {}
            placeholder2:
              content:
                en: en version of placeholder2
                nl: nl version of placeholder2
              placeholders: {}
        - content:
            nonjmetext§: "template:template_key"
          placeholders:
            placeholder1:
              content:
                en: en value of placeholder1
                nl: nl value of placeholder1
              placeholders: {}
            placeholder2:
              content:
                en: en version of placeholder2
                nl: nl version of placeholder2
              placeholders: {}
        - content: "file:path/to/file"
          placeholders:
            placeholder1:
              content:
                en: en value of placeholder1
                nl: nl value of placeholder1
              placeholders: {}
            placeholder2:
              content:
                en: en version of placeholder2
                nl: nl version of placeholder2
              placeholders: {}
        - "file:path/to/file"
        - "template:template_key"
      depends_on:
        - content:
            nonjmetext§: "file:path/to/file"
          placeholders:
            placeholder1:
              content:
                en: en value of placeholder1
                nl: nl value of placeholder1
              placeholders: {}
            placeholder2:
              content:
                en: en version of placeholder2
                nl: nl version of placeholder2
              placeholders: {}
        - content:
            nonjmetext§: "template:template_key"
          placeholders:
            placeholder1:
              content:
                en: en value of placeholder1
                nl: nl value of placeholder1
              placeholders: {}
            placeholder2:
              content:
                en: en version of placeholder2
                nl: nl version of placeholder2
              placeholders: {}
        - content: "file:path/to/file"
          placeholders:
            placeholder1:
              content:
                en: en value of placeholder1
                nl: nl value of placeholder1
              placeholders: {}
            placeholder2:
              content:
                en: en version of placeholder2
                nl: nl version of placeholder2
              placeholders: {}
        - "file:path/to/file"
        - "template:template_key"
    - name:
        content:
          nonjmetext§: "template:template_key"
        placeholders:
          placeholder1:
            content:
              en: en value of placeholder1
              nl: nl value of placeholder1
            placeholders: {}
          placeholder2:
            content:
              en: en version of placeholder2
              nl: nl version of placeholder2
            placeholders: {}
      description:
        content:
          nonjmetext§: "template:template_key"
        placeholders:
          placeholder1:
            content:
              en: en value of placeholder1
              nl: nl value of placeholder1
            placeholders: {}
          placeholder2:
            content:
              en: en version of placeholder2
              nl: nl version of placeholder2
            placeholders: {}
      objectives: "template:template_key"
      depends_on: "template:template_key"
    - name:
        content: "file:path/to/file"
        placeholders:
          placeholder1:
            content:
              en: en value of placeholder1
              nl: nl value of placeholder1
            placeholders: {}
          placeholder2:
            content:
              en: en version of placeholder2
              nl: nl version of placeholder2
            placeholders: {}
      description:
        content: "file:path/to/file"
        placeholders:
          placeholder1:
            content:
              en: en value of placeholder1
              nl: nl value of placeholder1
            placeholders: {}
          placeholder2:
            content:
              en: en version of placeholder2
              nl: nl version of placeholder2
            placeholders: {}
      objectives: ~
      depends_on: ~
    - name: "file:path/to/file"
      description: "file:path/to/file"
      objectives:
        - content:
            nonjmetext§: "file:path/to/file"
          placeholders:
            placeholder1:
              content:
                en: en value of placeholder1
                nl: nl value of placeholder1
              placeholders: {}
            placeholder2:
              content:
                en: en version of placeholder2
                nl: nl version of placeholder2
              placeholders: {}
        - content:
            nonjmetext§: "template:template_key"
          placeholders:
            placeholder1:
              content:
                en: en value of placeholder1
                nl: nl value of placeholder1
              placeholders: {}
            placeholder2:
              content:
                en: en version of placeholder2
                nl: nl version of placeholder2
              placeholders: {}
        - content: "file:path/to/file"
          placeholders:
            placeholder1:
              content:
                en: en value of placeholder1
                nl: nl value of placeholder1
              placeholders: {}
            placeholder2:
              content:
                en: en version of placeholder2
                nl: nl version of placeholder2
              placeholders: {}
        - "file:path/to/file"
        - "template:template_key"
      depends_on:
        - content:
            nonjmetext§: "file:path/to/file"
          placeholders:
            placeholder1:
              content:
                en: en value of placeholder1
                nl: nl value of placeholder1
              placeholders: {}
            placeholder2:
              content:
                en: en version of placeholder2
                nl: nl version of placeholder2
              placeholders: {}
        - content:
            nonjmetext§: "template:template_key"
          placeholders:
            placeholder1:
              content:
                en: en value of placeholder1
                nl: nl value of placeholder1
              placeholders: {}
            placeholder2:
              content:
                en: en version of placeholder2
                nl: nl version of placeholder2
              placeholders: {}
        - content: "file:path/to/file"
          placeholders:
            placeholder1:
              content:
                en: en value of placeholder1
                nl: nl value of placeholder1
              placeholders: {}
            placeholder2:
              content:
                en: en version of placeholder2
                nl: nl version of placeholder2
              placeholders: {}
        - "file:path/to/file"
        - "template:template_key"
    - name: "template:template_key"
      description: "template:template_key"
      objectives: "template:template_key"
      depends_on: "template:template_key"
    - name: ~
      description: ~
      objectives: ~
      depends_on: ~
    - "template:template_key"

